{"UserId":"1292f21c-8501-4771-a070-c79c7c7ef451","FirstName":"Otto","LastName":"Bruni","Age":40,"Email":"ottorino.bruni@gmail.com","RegistrationDate":"2024-03-08T14:45:12.7666296Z"}
